u = 3, h = 2
  linear hypergraphs with minimum degree >= 2: 1
  search nodes: 11, closed by exact Farkas certificates: 6, certificates not found: 0
  configurations with real solutions: 0
  configurations surviving both tests: 0
  time 0s
u = 4, h = 3
  linear hypergraphs with minimum degree >= 3: 1
  search nodes: 127, closed by exact Farkas certificates: 106, certificates not found: 0
  configurations with real solutions: 0
  configurations surviving both tests: 0
  time 0s
u = 5, h = 2
  linear hypergraphs with minimum degree >= 2: 743
  search nodes: 133057, closed by exact Farkas certificates: 114626, certificates not found: 0
  configurations with real solutions: 8
    [[0, 2], [0, 3], [0, 4], [1, 2], [1, 3], [1, 4]] {0: [[0, 2], [0, 3], [0, 4]], 1: [[1, 4], [1, 2], [1, 3]], 2: [[0, 2], [1, 2]], 3: [[0, 3], [1, 3]], 4: [[1, 4], [0, 4]]} parity: impossible
    [[0, 2], [0, 3], [0, 4], [1, 2], [1, 3], [1, 4]] {0: [[0, 2], [0, 4], [0, 3]], 1: [[1, 3], [1, 2], [1, 4]], 2: [[0, 2], [1, 2]], 3: [[1, 3], [0, 3]], 4: [[0, 4], [1, 4]]} parity: impossible
    [[0, 2], [0, 3], [0, 4], [1, 2], [1, 3], [1, 4]] {0: [[0, 2], [0, 4], [0, 3]], 1: [[1, 4], [1, 3], [1, 2]], 2: [[0, 2], [1, 2]], 3: [[1, 3], [0, 3]], 4: [[1, 4], [0, 4]]} parity: impossible
    [[0, 2], [0, 3], [0, 4], [1, 2], [1, 3], [1, 4]] {0: [[0, 3], [0, 4], [0, 2]], 1: [[1, 2], [1, 3], [1, 4]], 2: [[1, 2], [0, 2]], 3: [[0, 3], [1, 3]], 4: [[0, 4], [1, 4]]} parity: impossible
    [[0, 2], [0, 3], [0, 4], [1, 2], [1, 3], [1, 4]] {0: [[0, 3], [0, 4], [0, 2]], 1: [[1, 4], [1, 2], [1, 3]], 2: [[1, 2], [0, 2]], 3: [[0, 3], [1, 3]], 4: [[1, 4], [0, 4]]} parity: impossible
    [[0, 2], [0, 3], [0, 4], [1, 2], [1, 3], [1, 4]] {0: [[0, 4], [0, 3], [0, 2]], 1: [[1, 3], [1, 2], [1, 4]], 2: [[1, 2], [0, 2]], 3: [[1, 3], [0, 3]], 4: [[0, 4], [1, 4]]} parity: impossible
    [[0, 1], [0, 2], [0, 3], [0, 4], [1, 2], [1, 3], [2, 4]] {0: [[0, 1], [0, 3], [0, 4], [0, 2]], 1: [[0, 1], [1, 2], [1, 3]], 2: [[2, 4], [1, 2], [0, 2]], 3: [[0, 3], [1, 3]], 4: [[2, 4], [0, 4]]} parity: impossible
    [[0, 1], [0, 2], [0, 3], [0, 4], [1, 2], [1, 3], [2, 4]] {0: [[0, 2], [0, 4], [0, 3], [0, 1]], 1: [[1, 3], [1, 2], [0, 1]], 2: [[0, 2], [1, 2], [2, 4]], 3: [[1, 3], [0, 3]], 4: [[0, 4], [2, 4]]} parity: impossible
  configurations surviving both tests: 0
  time 476s
